00:00 +0: loading /home/hari/Work/Flutter/learnings/build_with_speckit/TripWizards/test/widget_test.dart                                                                                               00:01 +0: loading /home/hari/Work/Flutter/learnings/build_with_speckit/TripWizards/test/widget_test.dart                                                                                               00:01 +0: /home/hari/Work/Flutter/learnings/build_with_speckit/TripWizards/test/widget_test.dart: (setUpAll)                                                                                           00:01 +0: /home/hari/Work/Flutter/learnings/build_with_speckit/TripWizards/test/widget_test.dart: App smoke test                                                                                       00:01 +1: /home/hari/Work/Flutter/learnings/build_with_speckit/TripWizards/test/widget_test.dart: App smoke test                                                                                       00:01 +1: /home/hari/Work/Flutter/learnings/build_with_speckit/TripWizards/test/widget_test.dart: (tearDownAll)                                                                                        00:01 +1: loading /home/hari/Work/Flutter/learnings/build_with_speckit/TripWizards/test/services/domain_service_test.dart                                                                              00:01 +1: /home/hari/Work/Flutter/learnings/build_with_speckit/TripWizards/test/services/domain_service_test.dart: DomainService isEmailDomainAllowed returns true when email domain is in allowed list00:02 +1: /home/hari/Work/Flutter/learnings/build_with_speckit/TripWizards/test/services/domain_service_test.dart: DomainService isEmailDomainAllowed returns true when email domain is in allowed list00:02 +2: /home/hari/Work/Flutter/learnings/build_with_speckit/TripWizards/test/services/domain_service_test.dart: DomainService isEmailDomainAllowed returns true when email domain is in allowed list00:02 +2: /home/hari/Work/Flutter/learnings/build_with_speckit/TripWizards/test/services/domain_service_test.dart: ... isEmailDomainAllowed returns false when email domain is not in allowed list     00:02 +3: /home/hari/Work/Flutter/learnings/build_with_speckit/TripWizards/test/services/domain_service_test.dart: ... isEmailDomainAllowed returns false when email domain is not in allowed list     00:02 +3: /home/hari/Work/Flutter/learnings/build_with_speckit/TripWizards/test/services/domain_service_test.dart: DomainService isEmailDomainAllowed returns true when allowed list is empty          00:02 +4: /home/hari/Work/Flutter/learnings/build_with_speckit/TripWizards/test/services/domain_service_test.dart: DomainService isEmailDomainAllowed returns true when allowed list is empty          00:02 +4: /home/hari/Work/Flutter/learnings/build_with_speckit/TripWizards/test/services/domain_service_test.dart: DomainService isEmailDomainAllowed handles invalid email formats                    00:02 +5: /home/hari/Work/Flutter/learnings/build_with_speckit/TripWizards/test/services/domain_service_test.dart: DomainService isEmailDomainAllowed handles invalid email formats                    00:02 +5: /home/hari/Work/Flutter/learnings/build_with_speckit/TripWizards/test/services/domain_service_test.dart: DomainService isEmailDomainAllowed is case-insensitive for domain matching          00:02 +6: /home/hari/Work/Flutter/learnings/build_with_speckit/TripWizards/test/services/domain_service_test.dart: DomainService isEmailDomainAllowed is case-insensitive for domain matching          00:02 +6: /home/hari/Work/Flutter/learnings/build_with_speckit/TripWizards/test/services/domain_service_test.dart: DomainService isEmailDomainAllowed handles subdomains correctly                     00:02 +7: /home/hari/Work/Flutter/learnings/build_with_speckit/TripWizards/test/services/domain_service_test.dart: DomainService isEmailDomainAllowed handles subdomains correctly                     00:02 +7: /home/hari/Work/Flutter/learnings/build_with_speckit/TripWizards/test/services/domain_service_test.dart: DomainService extractDomain extracts domain from valid email                        00:02 +8: /home/hari/Work/Flutter/learnings/build_with_speckit/TripWizards/test/services/domain_service_test.dart: DomainService extractDomain extracts domain from valid email                        00:02 +8: /home/hari/Work/Flutter/learnings/build_with_speckit/TripWizards/test/services/domain_service_test.dart: DomainService extractDomain returns empty string for invalid email                  00:02 +9: /home/hari/Work/Flutter/learnings/build_with_speckit/TripWizards/test/services/domain_service_test.dart: DomainService extractDomain returns empty string for invalid email                  00:02 +9: /home/hari/Work/Flutter/learnings/build_with_speckit/TripWizards/test/services/domain_service_test.dart: DomainService extractDomain handles edge cases                                      00:02 +10: /home/hari/Work/Flutter/learnings/build_with_speckit/TripWizards/test/services/domain_service_test.dart: DomainService extractDomain handles edge cases                                     00:02 +10: /home/hari/Work/Flutter/learnings/build_with_speckit/TripWizards/test/services/domain_service_test.dart: DomainService isValidDomain accepts valid domain formats                           00:02 +11: /home/hari/Work/Flutter/learnings/build_with_speckit/TripWizards/test/services/domain_service_test.dart: DomainService isValidDomain accepts valid domain formats                           00:02 +11: /home/hari/Work/Flutter/learnings/build_with_speckit/TripWizards/test/services/domain_service_test.dart: DomainService isValidDomain rejects invalid domain formats                         00:02 +12: /home/hari/Work/Flutter/learnings/build_with_speckit/TripWizards/test/services/domain_service_test.dart: DomainService isValidDomain rejects invalid domain formats                         00:02 +12: loading /home/hari/Work/Flutter/learnings/build_with_speckit/TripWizards/test/services/billing_service_test.dart                                                                            00:02 +12: /home/hari/Work/Flutter/learnings/build_with_speckit/TripWizards/test/services/billing_service_test.dart: Billing Service Tests hasCreditsAvailable returns true when user has credits      00:02 +13: /home/hari/Work/Flutter/learnings/build_with_speckit/TripWizards/test/services/billing_service_test.dart: Billing Service Tests hasCreditsAvailable returns true when user has credits      00:02 +13: /home/hari/Work/Flutter/learnings/build_with_speckit/TripWizards/test/services/billing_service_test.dart: Billing Service Tests hasCredits returns false when credits are depleted          00:02 +14: /home/hari/Work/Flutter/learnings/build_with_speckit/TripWizards/test/services/billing_service_test.dart: Billing Service Tests hasCredits returns false when credits are depleted          00:02 +14: /home/hari/Work/Flutter/learnings/build_with_speckit/TripWizards/test/services/billing_service_test.dart: Billing Service Tests SubscriptionPlan provides correct credit allocations        00:02 +15: /home/hari/Work/Flutter/learnings/build_with_speckit/TripWizards/test/services/billing_service_test.dart: Billing Service Tests SubscriptionPlan provides correct credit allocations        00:02 +15: /home/hari/Work/Flutter/learnings/build_with_speckit/TripWizards/test/services/billing_service_test.dart: Billing Service Tests SubscriptionPlan provides correct pricing                   00:02 +16: /home/hari/Work/Flutter/learnings/build_with_speckit/TripWizards/test/services/billing_service_test.dart: Billing Service Tests SubscriptionPlan provides correct pricing                   00:02 +16: loading /home/hari/Work/Flutter/learnings/build_with_speckit/TripWizards/test/models/organization_test.dart                                                                                 00:02 +16: /home/hari/Work/Flutter/learnings/build_with_speckit/TripWizards/test/models/organization_test.dart: Organization Model should create organization from valid data                          00:02 +17: /home/hari/Work/Flutter/learnings/build_with_speckit/TripWizards/test/models/organization_test.dart: Organization Model should create organization from valid data                          00:02 +17: /home/hari/Work/Flutter/learnings/build_with_speckit/TripWizards/test/models/organization_test.dart: Organization Model isAdmin should return true for admin user                           00:02 +18: /home/hari/Work/Flutter/learnings/build_with_speckit/TripWizards/test/models/organization_test.dart: Organization Model isAdmin should return true for admin user                           00:02 +18: /home/hari/Work/Flutter/learnings/build_with_speckit/TripWizards/test/models/organization_test.dart: Organization Model isMember should return true for member user                         00:02 +19: /home/hari/Work/Flutter/learnings/build_with_speckit/TripWizards/test/models/organization_test.dart: Organization Model isMember should return true for member user                         00:02 +19: /home/hari/Work/Flutter/learnings/build_with_speckit/TripWizards/test/models/organization_test.dart: Organization Model hasPendingInvite should return true for invited email               00:02 +20: /home/hari/Work/Flutter/learnings/build_with_speckit/TripWizards/test/models/organization_test.dart: Organization Model hasPendingInvite should return true for invited email               00:02 +20: /home/hari/Work/Flutter/learnings/build_with_speckit/TripWizards/test/models/organization_test.dart: Organization Model toFirestore should serialize correctly                              00:02 +21: /home/hari/Work/Flutter/learnings/build_with_speckit/TripWizards/test/models/organization_test.dart: Organization Model toFirestore should serialize correctly                              00:02 +21: /home/hari/Work/Flutter/learnings/build_with_speckit/TripWizards/test/models/organization_test.dart: Organization Admin Operations should validate admin permissions before operations      00:02 +22: /home/hari/Work/Flutter/learnings/build_with_speckit/TripWizards/test/models/organization_test.dart: Organization Admin Operations should validate admin permissions before operations      00:02 +22: /home/hari/Work/Flutter/learnings/build_with_speckit/TripWizards/test/models/organization_test.dart: Organization Admin Operations should handle multiple members correctly                 00:02 +23: /home/hari/Work/Flutter/learnings/build_with_speckit/TripWizards/test/models/organization_test.dart: Organization Admin Operations should handle multiple members correctly                 00:02 +23: /home/hari/Work/Flutter/learnings/build_with_speckit/TripWizards/test/models/organization_test.dart: Organization Admin Operations should handle empty pending invites                      00:02 +24: /home/hari/Work/Flutter/learnings/build_with_speckit/TripWizards/test/models/organization_test.dart: Organization Admin Operations should handle empty pending invites                      00:02 +24: /home/hari/Work/Flutter/learnings/build_with_speckit/TripWizards/test/models/organization_test.dart: Organization Admin Operations should handle multiple pending invites                   00:02 +25: /home/hari/Work/Flutter/learnings/build_with_speckit/TripWizards/test/models/organization_test.dart: Organization Admin Operations should handle multiple pending invites                   00:02 +25: /home/hari/Work/Flutter/learnings/build_with_speckit/TripWizards/test/models/organization_test.dart: Organization Validation should require admin to be a member                            00:02 +26: /home/hari/Work/Flutter/learnings/build_with_speckit/TripWizards/test/models/organization_test.dart: Organization Validation should require admin to be a member                            00:02 +26: /home/hari/Work/Flutter/learnings/build_with_speckit/TripWizards/test/models/organization_test.dart: Organization Validation should handle organization name correctly                      00:02 +27: /home/hari/Work/Flutter/learnings/build_with_speckit/TripWizards/test/models/organization_test.dart: Organization Validation should handle organization name correctly                      00:02 +27: loading /home/hari/Work/Flutter/learnings/build_with_speckit/TripWizards/test/models/trip_test.dart                                                                                         00:03 +27: loading /home/hari/Work/Flutter/learnings/build_with_speckit/TripWizards/test/models/trip_test.dart                                                                                         00:03 +27: /home/hari/Work/Flutter/learnings/build_with_speckit/TripWizards/test/models/trip_test.dart: Trip Model should create Trip from Firestore data                                              00:03 +28: /home/hari/Work/Flutter/learnings/build_with_speckit/TripWizards/test/models/trip_test.dart: Trip Model should create Trip from Firestore data                                              00:03 +28: loading /home/hari/Work/Flutter/learnings/build_with_speckit/TripWizards/test/models/billing_repository_test.dart                                                                           00:03 +28: /home/hari/Work/Flutter/learnings/build_with_speckit/TripWizards/test/models/billing_repository_test.dart: SubscriptionPlan should have correct pricing                                     00:03 +29: /home/hari/Work/Flutter/learnings/build_with_speckit/TripWizards/test/models/billing_repository_test.dart: SubscriptionPlan should have correct pricing                                     00:03 +29: /home/hari/Work/Flutter/learnings/build_with_speckit/TripWizards/test/models/billing_repository_test.dart: SubscriptionPlan should have correct monthly credits                             00:03 +30: /home/hari/Work/Flutter/learnings/build_with_speckit/TripWizards/test/models/billing_repository_test.dart: SubscriptionPlan should have correct monthly credits                             00:03 +30: /home/hari/Work/Flutter/learnings/build_with_speckit/TripWizards/test/models/billing_repository_test.dart: SubscriptionPlan should have correct display names                               00:03 +31: /home/hari/Work/Flutter/learnings/build_with_speckit/TripWizards/test/models/billing_repository_test.dart: SubscriptionPlan should have correct display names                               00:03 +31: /home/hari/Work/Flutter/learnings/build_with_speckit/TripWizards/test/models/billing_repository_test.dart: UserCredits should create UserCredits correctly                                  00:03 +32: /home/hari/Work/Flutter/learnings/build_with_speckit/TripWizards/test/models/billing_repository_test.dart: UserCredits should create UserCredits correctly                                  00:03 +32: /home/hari/Work/Flutter/learnings/build_with_speckit/TripWizards/test/models/billing_repository_test.dart: UserCredits should detect when no credits remain                                 00:03 +33: /home/hari/Work/Flutter/learnings/build_with_speckit/TripWizards/test/models/billing_repository_test.dart: UserCredits should detect when no credits remain                                 00:03 +33: /home/hari/Work/Flutter/learnings/build_with_speckit/TripWizards/test/models/billing_repository_test.dart: BillingRecord should create BillingRecord correctly                              00:03 +34: /home/hari/Work/Flutter/learnings/build_with_speckit/TripWizards/test/models/billing_repository_test.dart: BillingRecord should create BillingRecord correctly                              00:04 +34: /home/hari/Work/Flutter/learnings/build_with_speckit/TripWizards/test/models/billing_repository_test.dart: BillingRecord should create BillingRecord correctly                              00:04 +34: loading /home/hari/Work/Flutter/learnings/build_with_speckit/TripWizards/test/widget/manual_booking_screen_test.dart                                                                        00:04 +34: /home/hari/Work/Flutter/learnings/build_with_speckit/TripWizards/test/widget/manual_booking_screen_test.dart: ManualBookingScreen displays key form fields                                  00:05 +34: /home/hari/Work/Flutter/learnings/build_with_speckit/TripWizards/test/widget/manual_booking_screen_test.dart: ManualBookingScreen displays key form fields                                  00:05 +34: /home/hari/Work/Flutter/learnings/build_with_speckit/TripWizards/test/widget/booking_search_screen_test.dart: BookingSearchScreen loads webview
══╡ EXCEPTION CAUGHT BY WIDGETS LIBRARY ╞═══════════════════════════════════════════════════════════
The following assertion was thrown building Builder:
A platform implementation for `webview_flutter` has not been set. Please ensure that an
implementation of `WebViewPlatform` has been set to `WebViewPlatform.instance` before use. For unit
testing, `WebViewPlatform.instance` can be set with your own test implementation.
'package:webview_flutter_platform_interface/src/platform_webview_controller.dart':
Failed assertion: line 26 pos 7: 'WebViewPlatform.instance != null'

The relevant error-causing widget was:
  MaterialApp
  MaterialApp:file:///home/hari/Work/Flutter/learnings/build_with_speckit/TripWizards/test/widget/booking_search_screen_test.dart:7:29

When the exception was thrown, this was the stack:
#2      new PlatformWebViewController (package:webview_flutter_platform_interface/src/platform_webview_controller.dart:26:7)
#3      new WebViewController.fromPlatformCreationParams (package:webview_flutter/src/webview_controller.dart:101:11)
#4      new WebViewController (package:webview_flutter/src/webview_controller.dart:61:13)
#5      _BookingSearchScreenState.initState (file:///home/hari/Work/Flutter/learnings/build_with_speckit/TripWizards/lib/screens/booking/booking_search_screen.dart:17:19)
#6      StatefulElement._firstBuild (package:flutter/src/widgets/framework.dart:5852:55)
#7      ComponentElement.mount (package:flutter/src/widgets/framework.dart:5699:5)
...     Normal element mounting (228 frames)
#235    Element.inflateWidget (package:flutter/src/widgets/framework.dart:4548:16)
#236    MultiChildRenderObjectElement.inflateWidget (package:flutter/src/widgets/framework.dart:7169:36)
#237    MultiChildRenderObjectElement.mount (package:flutter/src/widgets/framework.dart:7185:32)
...     Normal element mounting (465 frames)
#702    Element.inflateWidget (package:flutter/src/widgets/framework.dart:4548:16)
#703    Element.updateChild (package:flutter/src/widgets/framework.dart:3998:20)
#704    ComponentElement.performRebuild (package:flutter/src/widgets/framework.dart:5747:16)
#705    Element.rebuild (package:flutter/src/widgets/framework.dart:5435:7)
#706    ProxyElement.update (package:flutter/src/widgets/framework.dart:6051:5)
#707    _InheritedNotifierElement.update (package:flutter/src/widgets/inherited_notifier.dart:108:11)
#708    Element.updateChild (package:flutter/src/widgets/framework.dart:3982:15)
#709    ComponentElement.performRebuild (package:flutter/src/widgets/framework.dart:5747:16)
#710    StatefulElement.performRebuild (package:flutter/src/widgets/framework.dart:5884:11)
#711    Element.rebuild (package:flutter/src/widgets/framework.dart:5435:7)
#712    StatefulElement.update (package:flutter/src/widgets/framework.dart:5909:5)
#713    Element.updateChild (package:flutter/src/widgets/framework.dart:3982:15)
#714    ComponentElement.performRebuild (package:flutter/src/widgets/framework.dart:5747:16)
#715    Element.rebuild (package:flutter/src/widgets/framework.dart:5435:7)
#716    ProxyElement.update (package:flutter/src/widgets/framework.dart:6051:5)
#717    _InheritedNotifierElement.update (package:flutter/src/widgets/inherited_notifier.dart:108:11)
#718    Element.updateChild (package:flutter/src/widgets/framework.dart:3982:15)
#719    ComponentElement.performRebuild (package:flutter/src/widgets/framework.dart:5747:16)
#720    StatefulElement.performRebuild (package:flutter/src/widgets/framework.dart:5884:11)
#721    Element.rebuild (package:flutter/src/widgets/framework.dart:5435:7)
#722    StatefulElement.update (package:flutter/src/widgets/framework.dart:5909:5)
#723    Element.updateChild (package:flutter/src/widgets/framework.dart:3982:15)
#724    ComponentElement.performRebuild (package:flutter/src/widgets/framework.dart:5747:16)
#725    StatefulElement.performRebuild (package:flutter/src/widgets/framework.dart:5884:11)
#726    Element.rebuild (package:flutter/src/widgets/framework.dart:5435:7)
#727    StatefulElement.update (package:flutter/src/widgets/framework.dart:5909:5)
#728    Element.updateChild (package:flutter/src/widgets/framework.dart:3982:15)
#729    ComponentElement.performRebuild (package:flutter/src/widgets/framework.dart:5747:16)
#730    Element.rebuild (package:flutter/src/widgets/framework.dart:5435:7)
#731    ProxyElement.update (package:flutter/src/widgets/framework.dart:6051:5)
#732    Element.updateChild (package:flutter/src/widgets/framework.dart:3982:15)
#733    ComponentElement.performRebuild (package:flutter/src/widgets/framework.dart:5747:16)
#734    StatefulElement.performRebuild (package:flutter/src/widgets/framework.dart:5884:11)
#735    Element.rebuild (package:flutter/src/widgets/framework.dart:5435:7)
#736    StatefulElement.update (package:flutter/src/widgets/framework.dart:5909:5)
#737    Element.updateChild (package:flutter/src/widgets/framework.dart:3982:15)
#738    ComponentElement.performRebuild (package:flutter/src/widgets/framework.dart:5747:16)
#739    Element.rebuild (package:flutter/src/widgets/framework.dart:5435:7)
#740    ProxyElement.update (package:flutter/src/widgets/framework.dart:6051:5)
#741    Element.updateChild (package:flutter/src/widgets/framework.dart:3982:15)
#742    ComponentElement.performRebuild (package:flutter/src/widgets/framework.dart:5747:16)
#743    Element.rebuild (package:flutter/src/widgets/framework.dart:5435:7)
#744    ProxyElement.update (package:flutter/src/widgets/framework.dart:6051:5)
#745    Element.updateChild (package:flutter/src/widgets/framework.dart:3982:15)
#746    _RawViewElement._updateChild (package:flutter/src/widgets/view.dart:481:16)
#747    _RawViewElement.update (package:flutter/src/widgets/view.dart:568:5)
#748    Element.updateChild (package:flutter/src/widgets/framework.dart:3982:15)
#749    ComponentElement.performRebuild (package:flutter/src/widgets/framework.dart:5747:16)
#750    Element.rebuild (package:flutter/src/widgets/framework.dart:5435:7)
#751    StatelessElement.update (package:flutter/src/widgets/framework.dart:5797:5)
#752    Element.updateChild (package:flutter/src/widgets/framework.dart:3982:15)
#753    ComponentElement.performRebuild (package:flutter/src/widgets/framework.dart:5747:16)
#754    StatefulElement.performRebuild (package:flutter/src/widgets/framework.dart:5884:11)
#755    Element.rebuild (package:flutter/src/widgets/framework.dart:5435:7)
#756    StatefulElement.update (package:flutter/src/widgets/framework.dart:5909:5)
#757    Element.updateChild (package:flutter/src/widgets/framework.dart:3982:15)
#758    RootElement._rebuild (package:flutter/src/widgets/binding.dart:1716:16)
#759    RootElement.update (package:flutter/src/widgets/binding.dart:1694:5)
#760    RootElement.performRebuild (package:flutter/src/widgets/binding.dart:1708:7)
#761    Element.rebuild (package:flutter/src/widgets/framework.dart:5435:7)
#762    BuildScope._tryRebuild (package:flutter/src/widgets/framework.dart:2695:15)
#763    BuildScope._flushDirtyElements (package:flutter/src/widgets/framework.dart:2752:11)
#764    BuildOwner.buildScope (package:flutter/src/widgets/framework.dart:3056:18)
#765    AutomatedTestWidgetsFlutterBinding.drawFrame (package:flutter_test/src/binding.dart:1506:19)
#766    RendererBinding._handlePersistentFrameCallback (package:flutter/src/rendering/binding.dart:495:5)
#767    SchedulerBinding._invokeFrameCallback (package:flutter/src/scheduler/binding.dart:1434:15)
#768    SchedulerBinding.handleDrawFrame (package:flutter/src/scheduler/binding.dart:1347:9)
#769    AutomatedTestWidgetsFlutterBinding.pump.<anonymous closure> (package:flutter_test/src/binding.dart:1335:9)
#772    TestAsyncUtils.guard (package:flutter_test/src/test_async_utils.dart:74:41)
#773    AutomatedTestWidgetsFlutterBinding.pump (package:flutter_test/src/binding.dart:1324:27)
#774    WidgetTester.pumpWidget.<anonymous closure> (package:flutter_test/src/widget_tester.dart:598:22)
#777    TestAsyncUtils.guard (package:flutter_test/src/test_async_utils.dart:74:41)
#778    WidgetTester.pumpWidget (package:flutter_test/src/widget_tester.dart:595:27)
#779    main.<anonymous closure> (file:///home/hari/Work/Flutter/learnings/build_with_speckit/TripWizards/test/widget/booking_search_screen_test.dart:7:18)
#780    testWidgets.<anonymous closure>.<anonymous closure> (package:flutter_test/src/widget_tester.dart:192:29)
<asynchronous suspension>
#781    TestWidgetsFlutterBinding._runTestBody (package:flutter_test/src/binding.dart:1059:5)
<asynchronous suspension>
<asynchronous suspension>
(elided 7 frames from class _AssertionError, dart:async, and package:stack_trace)

════════════════════════════════════════════════════════════════════════════════════════════════════
══╡ EXCEPTION CAUGHT BY FLUTTER TEST FRAMEWORK ╞════════════════════════════════════════════════════
The following TestFailure was thrown running a test:
Expected: exactly one matching candidate
  Actual: _TextWidgetFinder:<Found 0 widgets with text "Book Accommodations": []>
   Which: means none were found but one was expected

When the exception was thrown, this was the stack:
#4      main.<anonymous closure> (file:///home/hari/Work/Flutter/learnings/build_with_speckit/TripWizards/test/widget/booking_search_screen_test.dart:10:5)
<asynchronous suspension>
#5      testWidgets.<anonymous closure>.<anonymous closure> (package:flutter_test/src/widget_tester.dart:192:15)
<asynchronous suspension>
#6      TestWidgetsFlutterBinding._runTestBody (package:flutter_test/src/binding.dart:1059:5)
<asynchronous suspension>
<asynchronous suspension>
(elided one frame from package:stack_trace)

This was caught by the test expectation on the following line:
  file:///home/hari/Work/Flutter/learnings/build_with_speckit/TripWizards/test/widget/booking_search_screen_test.dart line 10
The test description was:
  BookingSearchScreen loads webview
════════════════════════════════════════════════════════════════════════════════════════════════════
══╡ EXCEPTION CAUGHT BY FLUTTER TEST FRAMEWORK ╞════════════════════════════════════════════════════
The following message was thrown:
Multiple exceptions (2) were detected during the running of the current test, and at least one was
unexpected.
════════════════════════════════════════════════════════════════════════════════════════════════════
00:05 +34 -1: /home/hari/Work/Flutter/learnings/build_with_speckit/TripWizards/test/widget/booking_search_screen_test.dart: BookingSearchScreen loads webview [E]
  Test failed. See exception logs above.
  The test description was: BookingSearchScreen loads webview


To run this test again: /home/hari/Tools/Flutter/SDK/flutter/bin/cache/dart-sdk/bin/dart test /home/hari/Work/Flutter/learnings/build_with_speckit/TripWizards/test/widget/booking_search_screen_test.dart -p vm --plain-name 'BookingSearchScreen loads webview'
00:05 +35 -1: /home/hari/Work/Flutter/learnings/build_with_speckit/TripWizards/test/widget/manual_booking_screen_test.dart: ManualBookingScreen displays key form fields                               00:05 +35 -1: Some tests failed.
